C = cpp.lang
H = cpp.lang
ac = m4.lang
ada = ada.lang
adb = ada.lang
am = makefile.lang
applescript = applescript.lang
asm = asm.lang
autoconf = m4.lang
awk = awk.lang
bash = sh.lang
bat = bat.lang
batch = bat.lang
bib = bib.lang
bison = bison.lang
c = c.lang
caml = caml.lang
cbl = cobol.lang
cc = cpp.lang
changelog = changelog.lang
clipper = clipper.lang
cls = latex.lang
cobol = cobol.lang
conf = conf.lang
cpp = cpp.lang
cs = csharp.lang
csh = sh.lang
csharp = csharp.lang
css = css.lang
ctp = php.lang
d = d.lang
desktop = desktop.lang
diff = diff.lang
dmd = d.lang
docbook = xml.lang
dtx = latex.lang
eps = postscript.lang
erl = erlang.lang
erlang = erlang.lang
errors = errors.lang
fixed-fortran = fixed-fortran.lang
flex = flex.lang
fortran = fortran.lang
free-fortran = fortran.lang
glsl = glsl.lang
h = cpp.lang
haskell = haskell.lang
haxe = haxe.lang
hh = cpp.lang
hpp = cpp.lang
hs = haskell.lang
htm = html.lang
html = html.lang
hx = haxe.lang
in = makefile.lang
ini = desktop.lang
java = java.lang
javascript = javascript.lang
js = javascript.lang
kcfg = xml.lang
kdevelop = xml.lang
kidl = xml.lang
ksh = sh.lang
l = flex.lang
lang = langdef.lang
langdef = langdef.lang
latex = latex.lang
ldap = ldap.lang
ldif = ldap.lang
lex = flex.lang
lgt = logtalk.lang
lhs = haskell_literate.lang
lisp = lisp.lang
ll = flex.lang
log = log.lang
logtalk = logtalk.lang
lsm = lsm.lang
lua = lua.lang
m4 = m4.lang
makefile = makefile.lang
manifest = manifest.lang
mf = manifest.lang
ml = caml.lang
mli = caml.lang
moc = cpp.lang
outlang = outlang.lang
oz = oz.lang
pas = pascal.lang
pascal = pascal.lang
patch = diff.lang
pc = pc.lang
perl = perl.lang
php = php.lang
php3 = php.lang
php4 = php.lang
php5 = php.lang
pkgconfig = pc.lang
pl = prolog.lang
pm = perl.lang
postscript = postscript.lang
prg = clipper.lang
prolog = prolog.lang
properties = properties.lang
proto = proto.lang
protobuf = proto.lang
ps = postscript.lang
py = python.lang
python = python.lang
rb = ruby.lang
rc = xml.lang
ruby = ruby.lang
s = asm.lang
scala = scala.lang
scpt = applescript.lang
sh = sh.lang
shell = sh.lang
sig = sml.lang
sl = slang.lang
slang = slang.lang
slsh = slang.lang
sml = sml.lang
spec = spec.lang
sql = sql.lang
sty = latex.lang
style = style.lang
syslog = log.lang
tcl = tcl.lang
tcsh = sh.lang
tex = latex.lang
texi = texinfo.lang
texinfo = texinfo.lang
tk = tcl.lang
txt = nohilite.lang
ui = xml.lang
vala = vala.lang
vbs = vbscript.lang
vbscript = vbscript.lang
xhtml = xml.lang
xml = xml.lang
xorg = xorg.lang
y = bison.lang
yacc = bison.lang
yy = bison.lang
opa = opa.lang
gram = grammar.lang
grammar = grammar.lang
